// Jest Snapshot v1, https://goo.gl/fbAQLP

exports[`Pueba en <App /> debe de hacer mach con el snapshop 1`] = `
<div>
  <h1>
    Hola!
  </h1>
  <p>
    No hay subt√≠tulo
  </p>
  <p>
    Ariel
  </p>
</div>
`;
