// Jest Snapshot v1, https://goo.gl/fbAQLP

exports[`Pueba en <App /> debe de hacer match con el snapshot 1`] = `
<div>
  <h1
    data-testid="test-title"
  >
    Hola!
  </h1>
  <p>
    No hay subt√≠tulo
  </p>
  <p>
    Ariel
  </p>
</div>
`;
